Archive member included to satisfy reference by file (symbol)

c:/program files/avr8-gnu-toolchain-win32_x86_64/bin/../lib/gcc/avr/7.3.0/avr25/tiny-stack\libgcc.a(_mulsi3.o)
                              src/main.o (__mulsi3)
c:/program files/avr8-gnu-toolchain-win32_x86_64/bin/../lib/gcc/avr/7.3.0/avr25/tiny-stack\libgcc.a(_udivmodsi4.o)
                              src/main.o (__udivmodsi4)
c:/program files/avr8-gnu-toolchain-win32_x86_64/bin/../lib/gcc/avr/7.3.0/avr25/tiny-stack\libgcc.a(_exit.o)
                              c:/program files/avr8-gnu-toolchain-win32_x86_64/bin/../lib/gcc/avr/7.3.0/../../../../avr/lib/avr25/tiny-stack/crtattiny261a.o (exit)
c:/program files/avr8-gnu-toolchain-win32_x86_64/bin/../lib/gcc/avr/7.3.0/avr25/tiny-stack\libgcc.a(_clear_bss.o)
                              ../Modules/Manchester/manch_m.o (__do_clear_bss)
c:/program files/avr8-gnu-toolchain-win32_x86_64/bin/../lib/gcc/avr/7.3.0/../../../../avr/lib/avr25/tiny-stack\libattiny261a.a(eerd_word.o)
                              src/main.o (eeprom_read_word)
c:/program files/avr8-gnu-toolchain-win32_x86_64/bin/../lib/gcc/avr/7.3.0/../../../../avr/lib/avr25/tiny-stack\libattiny261a.a(eerd_block.o)
                              c:/program files/avr8-gnu-toolchain-win32_x86_64/bin/../lib/gcc/avr/7.3.0/../../../../avr/lib/avr25/tiny-stack\libattiny261a.a(eerd_word.o) (eeprom_read_blraw)

Allocating common symbols
Common symbol       size              file

timer_timer         0x6               ../Modules/Timing/timer.o
gl_manch_dat1       0x2               ../Modules/Manchester/manch_m.o
timer_tick          0x2               ../Modules/Timing/timer.o
gl_manch_dat        0x2               ../Modules/Manchester/manch_m.o

Memory Configuration

Name             Origin             Length             Attributes
text             0x0000000000000000 0x0000000000000800 xr
data             0x0000000000800060 0x0000000000000080 rw !x
eeprom           0x0000000000810000 0x0000000000000080 rw !x
fuse             0x0000000000820000 0x0000000000000003 rw !x
lock             0x0000000000830000 0x0000000000000400 rw !x
signature        0x0000000000840000 0x0000000000000400 rw !x
user_signatures  0x0000000000850000 0x0000000000000400 rw !x
*default*        0x0000000000000000 0xffffffffffffffff

Linker script and memory map

LOAD c:/program files/avr8-gnu-toolchain-win32_x86_64/bin/../lib/gcc/avr/7.3.0/../../../../avr/lib/avr25/tiny-stack/crtattiny261a.o
LOAD src/main.o
LOAD ../Modules/Manchester/manch_m.o
LOAD ../Modules/Status/status.o
LOAD ../Modules/Timing/timer.o
LOAD ../Modules/ADC/ADC.o
START GROUP
LOAD c:/program files/avr8-gnu-toolchain-win32_x86_64/bin/../lib/gcc/avr/7.3.0/avr25/tiny-stack\libgcc.a
LOAD c:/program files/avr8-gnu-toolchain-win32_x86_64/bin/../lib/gcc/avr/7.3.0/../../../../avr/lib/avr25/tiny-stack\libm.a
LOAD c:/program files/avr8-gnu-toolchain-win32_x86_64/bin/../lib/gcc/avr/7.3.0/../../../../avr/lib/avr25/tiny-stack\libc.a
LOAD c:/program files/avr8-gnu-toolchain-win32_x86_64/bin/../lib/gcc/avr/7.3.0/../../../../avr/lib/avr25/tiny-stack\libattiny261a.a
END GROUP
                0x0000000000000000                __TEXT_REGION_ORIGIN__ = DEFINED (__TEXT_REGION_ORIGIN__)?__TEXT_REGION_ORIGIN__:0x0
                [0x0000000000800060]                __DATA_REGION_ORIGIN__ = DEFINED (__DATA_REGION_ORIGIN__)?__DATA_REGION_ORIGIN__:0x800060
                [0x0000000000000800]                __TEXT_REGION_LENGTH__ = DEFINED (__TEXT_REGION_LENGTH__)?__TEXT_REGION_LENGTH__:0x2000
                [0x0000000000000080]                __DATA_REGION_LENGTH__ = DEFINED (__DATA_REGION_LENGTH__)?__DATA_REGION_LENGTH__:0xffa0
                [0x0000000000000080]                __EEPROM_REGION_LENGTH__ = DEFINED (__EEPROM_REGION_LENGTH__)?__EEPROM_REGION_LENGTH__:0x10000
                [0x0000000000000003]                __FUSE_REGION_LENGTH__ = DEFINED (__FUSE_REGION_LENGTH__)?__FUSE_REGION_LENGTH__:0x400
                0x0000000000000400                __LOCK_REGION_LENGTH__ = DEFINED (__LOCK_REGION_LENGTH__)?__LOCK_REGION_LENGTH__:0x400
                0x0000000000000400                __SIGNATURE_REGION_LENGTH__ = DEFINED (__SIGNATURE_REGION_LENGTH__)?__SIGNATURE_REGION_LENGTH__:0x400
                0x0000000000000400                __USER_SIGNATURE_REGION_LENGTH__ = DEFINED (__USER_SIGNATURE_REGION_LENGTH__)?__USER_SIGNATURE_REGION_LENGTH__:0x400

.hash
 *(.hash)

.dynsym
 *(.dynsym)

.dynstr
 *(.dynstr)

.gnu.version
 *(.gnu.version)

.gnu.version_d
 *(.gnu.version_d)

.gnu.version_r
 *(.gnu.version_r)

.rel.init
 *(.rel.init)

.rela.init
 *(.rela.init)

.rel.text
 *(.rel.text)
 *(.rel.text.*)
 *(.rel.gnu.linkonce.t*)

.rela.text
 *(.rela.text)
 *(.rela.text.*)
 *(.rela.gnu.linkonce.t*)

.rel.fini
 *(.rel.fini)

.rela.fini
 *(.rela.fini)

.rel.rodata
 *(.rel.rodata)
 *(.rel.rodata.*)
 *(.rel.gnu.linkonce.r*)

.rela.rodata
 *(.rela.rodata)
 *(.rela.rodata.*)
 *(.rela.gnu.linkonce.r*)

.rel.data
 *(.rel.data)
 *(.rel.data.*)
 *(.rel.gnu.linkonce.d*)

.rela.data
 *(.rela.data)
 *(.rela.data.*)
 *(.rela.gnu.linkonce.d*)

.rel.ctors
 *(.rel.ctors)

.rela.ctors
 *(.rela.ctors)

.rel.dtors
 *(.rel.dtors)

.rela.dtors
 *(.rela.dtors)

.rel.got
 *(.rel.got)

.rela.got
 *(.rela.got)

.rel.bss
 *(.rel.bss)

.rela.bss
 *(.rela.bss)

.rel.plt
 *(.rel.plt)

.rela.plt
 *(.rela.plt)

.text           0x0000000000000000      0x72e
 *(.vectors)
 .vectors       0x0000000000000000       0x26 c:/program files/avr8-gnu-toolchain-win32_x86_64/bin/../lib/gcc/avr/7.3.0/../../../../avr/lib/avr25/tiny-stack/crtattiny261a.o
                0x0000000000000000                __vector_default
                0x0000000000000000                __vectors
 *(.vectors)
 *(.progmem.gcc*)
                0x0000000000000026                . = ALIGN (0x2)
                0x0000000000000026                __trampolines_start = .
 *(.trampolines)
 .trampolines   0x0000000000000026        0x0 linker stubs
 *(.trampolines*)
                0x0000000000000026                __trampolines_end = .
 *libprintf_flt.a:*(.progmem.data)
 *libc.a:*(.progmem.data)
 *(.progmem*)
                0x0000000000000026                . = ALIGN (0x2)
 *(.jumptables)
 *(.jumptables*)
 *(.lowtext)
 *(.lowtext*)
                0x0000000000000026                __ctors_start = .
 *(.ctors)
                0x0000000000000026                __ctors_end = .
                0x0000000000000026                __dtors_start = .
 *(.dtors)
                0x0000000000000026                __dtors_end = .
 SORT(*)(.ctors)
 SORT(*)(.dtors)
 *(.init0)
 .init0         0x0000000000000026        0x0 c:/program files/avr8-gnu-toolchain-win32_x86_64/bin/../lib/gcc/avr/7.3.0/../../../../avr/lib/avr25/tiny-stack/crtattiny261a.o
                0x0000000000000026                __init
 *(.init0)
 *(.init1)
 *(.init1)
 *(.init2)
 .init2         0x0000000000000026        0x8 c:/program files/avr8-gnu-toolchain-win32_x86_64/bin/../lib/gcc/avr/7.3.0/../../../../avr/lib/avr25/tiny-stack/crtattiny261a.o
 *(.init2)
 *(.init3)
 *(.init3)
 *(.init4)
 .init4         0x000000000000002e       0x10 c:/program files/avr8-gnu-toolchain-win32_x86_64/bin/../lib/gcc/avr/7.3.0/avr25/tiny-stack\libgcc.a(_clear_bss.o)
                0x000000000000002e                __do_clear_bss
 *(.init4)
 *(.init5)
 *(.init5)
 *(.init6)
 *(.init6)
 *(.init7)
 *(.init7)
 *(.init8)
 *(.init8)
 *(.init9)
 .init9         0x000000000000003e        0x4 c:/program files/avr8-gnu-toolchain-win32_x86_64/bin/../lib/gcc/avr/7.3.0/../../../../avr/lib/avr25/tiny-stack/crtattiny261a.o
 *(.init9)
 *(.text)
 .text          0x0000000000000042        0x2 c:/program files/avr8-gnu-toolchain-win32_x86_64/bin/../lib/gcc/avr/7.3.0/../../../../avr/lib/avr25/tiny-stack/crtattiny261a.o
                0x0000000000000042                __vector_1
                0x0000000000000042                __vector_12
                0x0000000000000042                __bad_interrupt
                0x0000000000000042                __vector_6
                0x0000000000000042                __vector_11
                0x0000000000000042                __vector_13
                0x0000000000000042                __vector_17
                0x0000000000000042                __vector_7
                0x0000000000000042                __vector_9
                0x0000000000000042                __vector_15
                0x0000000000000042                __vector_8
                0x0000000000000042                __vector_14
                0x0000000000000042                __vector_10
                0x0000000000000042                __vector_16
                0x0000000000000042                __vector_18
 .text          0x0000000000000044       0x14 src/main.o
                0x0000000000000044                bms_slave_init
 .text          0x0000000000000058      0x1dc ../Modules/Manchester/manch_m.o
                0x0000000000000058                manch_init_send
                0x000000000000009a                manch_init_rec_all
                0x00000000000000b6                manch_init_receive
                0x00000000000000c6                manch_result
                0x00000000000000ca                manch_stop_receive
                0x00000000000000ea                __vector_2
                0x00000000000001c2                __vector_3
                0x00000000000001ce                __vector_5
                0x000000000000021c                __vector_4
                0x0000000000000222                manch_init_receive1
 .text          0x0000000000000234       0x34 ../Modules/Status/status.o
                0x0000000000000234                stat_led_init
                0x000000000000023c                stat_led_red
                0x0000000000000242                stat_led_green
                0x0000000000000248                stat_led_orange
                0x000000000000024e                stat_led_off
                0x0000000000000254                stat_led_toggle_green
                0x000000000000025e                stat_led_toggle_red
 .text          0x0000000000000268       0x66 ../Modules/Timing/timer.o
                0x0000000000000268                timer_init_timer
                0x0000000000000270                timer_add_time
                0x0000000000000296                timer_clear_timer
                0x00000000000002b0                timer_get_timer
 .text          0x00000000000002ce      0x108 ../Modules/ADC/ADC.o
                0x00000000000002ce                ADC_init
                0x00000000000002d4                measure_temperature
                0x0000000000000342                measure_voltage
 .text          0x00000000000003d6        0x0 c:/program files/avr8-gnu-toolchain-win32_x86_64/bin/../lib/gcc/avr/7.3.0/avr25/tiny-stack\libgcc.a(_mulsi3.o)
 .text          0x00000000000003d6        0x0 c:/program files/avr8-gnu-toolchain-win32_x86_64/bin/../lib/gcc/avr/7.3.0/avr25/tiny-stack\libgcc.a(_udivmodsi4.o)
 .text          0x00000000000003d6        0x0 c:/program files/avr8-gnu-toolchain-win32_x86_64/bin/../lib/gcc/avr/7.3.0/avr25/tiny-stack\libgcc.a(_exit.o)
 .text          0x00000000000003d6        0x0 c:/program files/avr8-gnu-toolchain-win32_x86_64/bin/../lib/gcc/avr/7.3.0/avr25/tiny-stack\libgcc.a(_clear_bss.o)
 .text          0x00000000000003d6        0x0 c:/program files/avr8-gnu-toolchain-win32_x86_64/bin/../lib/gcc/avr/7.3.0/../../../../avr/lib/avr25/tiny-stack\libattiny261a.a(eerd_word.o)
 .text          0x00000000000003d6        0x0 c:/program files/avr8-gnu-toolchain-win32_x86_64/bin/../lib/gcc/avr/7.3.0/../../../../avr/lib/avr25/tiny-stack\libattiny261a.a(eerd_block.o)
                0x00000000000003d6                . = ALIGN (0x2)
 *(.text.*)
 .text.startup  0x00000000000003d6      0x2ba src/main.o
                0x00000000000003d6                main
 .text.libgcc.mul
                0x0000000000000690       0x32 c:/program files/avr8-gnu-toolchain-win32_x86_64/bin/../lib/gcc/avr/7.3.0/avr25/tiny-stack\libgcc.a(_mulsi3.o)
                0x0000000000000690                __mulsi3
                0x0000000000000694                __mulsi3_helper
 .text.libgcc.div
                0x00000000000006c2        0x0 c:/program files/avr8-gnu-toolchain-win32_x86_64/bin/../lib/gcc/avr/7.3.0/avr25/tiny-stack\libgcc.a(_mulsi3.o)
 .text.libgcc   0x00000000000006c2        0x0 c:/program files/avr8-gnu-toolchain-win32_x86_64/bin/../lib/gcc/avr/7.3.0/avr25/tiny-stack\libgcc.a(_mulsi3.o)
 .text.libgcc.prologue
                0x00000000000006c2        0x0 c:/program files/avr8-gnu-toolchain-win32_x86_64/bin/../lib/gcc/avr/7.3.0/avr25/tiny-stack\libgcc.a(_mulsi3.o)
 .text.libgcc.builtins
                0x00000000000006c2        0x0 c:/program files/avr8-gnu-toolchain-win32_x86_64/bin/../lib/gcc/avr/7.3.0/avr25/tiny-stack\libgcc.a(_mulsi3.o)
 .text.libgcc.fmul
                0x00000000000006c2        0x0 c:/program files/avr8-gnu-toolchain-win32_x86_64/bin/../lib/gcc/avr/7.3.0/avr25/tiny-stack\libgcc.a(_mulsi3.o)
 .text.libgcc.fixed
                0x00000000000006c2        0x0 c:/program files/avr8-gnu-toolchain-win32_x86_64/bin/../lib/gcc/avr/7.3.0/avr25/tiny-stack\libgcc.a(_mulsi3.o)
 .text.libgcc.mul
                0x00000000000006c2        0x0 c:/program files/avr8-gnu-toolchain-win32_x86_64/bin/../lib/gcc/avr/7.3.0/avr25/tiny-stack\libgcc.a(_udivmodsi4.o)
 .text.libgcc.div
                0x00000000000006c2       0x44 c:/program files/avr8-gnu-toolchain-win32_x86_64/bin/../lib/gcc/avr/7.3.0/avr25/tiny-stack\libgcc.a(_udivmodsi4.o)
                0x00000000000006c2                __udivmodsi4
 .text.libgcc   0x0000000000000706        0x0 c:/program files/avr8-gnu-toolchain-win32_x86_64/bin/../lib/gcc/avr/7.3.0/avr25/tiny-stack\libgcc.a(_udivmodsi4.o)
 .text.libgcc.prologue
                0x0000000000000706        0x0 c:/program files/avr8-gnu-toolchain-win32_x86_64/bin/../lib/gcc/avr/7.3.0/avr25/tiny-stack\libgcc.a(_udivmodsi4.o)
 .text.libgcc.builtins
                0x0000000000000706        0x0 c:/program files/avr8-gnu-toolchain-win32_x86_64/bin/../lib/gcc/avr/7.3.0/avr25/tiny-stack\libgcc.a(_udivmodsi4.o)
 .text.libgcc.fmul
                0x0000000000000706        0x0 c:/program files/avr8-gnu-toolchain-win32_x86_64/bin/../lib/gcc/avr/7.3.0/avr25/tiny-stack\libgcc.a(_udivmodsi4.o)
 .text.libgcc.fixed
                0x0000000000000706        0x0 c:/program files/avr8-gnu-toolchain-win32_x86_64/bin/../lib/gcc/avr/7.3.0/avr25/tiny-stack\libgcc.a(_udivmodsi4.o)
 .text.libgcc.mul
                0x0000000000000706        0x0 c:/program files/avr8-gnu-toolchain-win32_x86_64/bin/../lib/gcc/avr/7.3.0/avr25/tiny-stack\libgcc.a(_exit.o)
 .text.libgcc.div
                0x0000000000000706        0x0 c:/program files/avr8-gnu-toolchain-win32_x86_64/bin/../lib/gcc/avr/7.3.0/avr25/tiny-stack\libgcc.a(_exit.o)
 .text.libgcc   0x0000000000000706        0x0 c:/program files/avr8-gnu-toolchain-win32_x86_64/bin/../lib/gcc/avr/7.3.0/avr25/tiny-stack\libgcc.a(_exit.o)
 .text.libgcc.prologue
                0x0000000000000706        0x0 c:/program files/avr8-gnu-toolchain-win32_x86_64/bin/../lib/gcc/avr/7.3.0/avr25/tiny-stack\libgcc.a(_exit.o)
 .text.libgcc.builtins
                0x0000000000000706        0x0 c:/program files/avr8-gnu-toolchain-win32_x86_64/bin/../lib/gcc/avr/7.3.0/avr25/tiny-stack\libgcc.a(_exit.o)
 .text.libgcc.fmul
                0x0000000000000706        0x0 c:/program files/avr8-gnu-toolchain-win32_x86_64/bin/../lib/gcc/avr/7.3.0/avr25/tiny-stack\libgcc.a(_exit.o)
 .text.libgcc.fixed
                0x0000000000000706        0x0 c:/program files/avr8-gnu-toolchain-win32_x86_64/bin/../lib/gcc/avr/7.3.0/avr25/tiny-stack\libgcc.a(_exit.o)
 .text.libgcc.mul
                0x0000000000000706        0x0 c:/program files/avr8-gnu-toolchain-win32_x86_64/bin/../lib/gcc/avr/7.3.0/avr25/tiny-stack\libgcc.a(_clear_bss.o)
 .text.libgcc.div
                0x0000000000000706        0x0 c:/program files/avr8-gnu-toolchain-win32_x86_64/bin/../lib/gcc/avr/7.3.0/avr25/tiny-stack\libgcc.a(_clear_bss.o)
 .text.libgcc   0x0000000000000706        0x0 c:/program files/avr8-gnu-toolchain-win32_x86_64/bin/../lib/gcc/avr/7.3.0/avr25/tiny-stack\libgcc.a(_clear_bss.o)
 .text.libgcc.prologue
                0x0000000000000706        0x0 c:/program files/avr8-gnu-toolchain-win32_x86_64/bin/../lib/gcc/avr/7.3.0/avr25/tiny-stack\libgcc.a(_clear_bss.o)
 .text.libgcc.builtins
                0x0000000000000706        0x0 c:/program files/avr8-gnu-toolchain-win32_x86_64/bin/../lib/gcc/avr/7.3.0/avr25/tiny-stack\libgcc.a(_clear_bss.o)
 .text.libgcc.fmul
                0x0000000000000706        0x0 c:/program files/avr8-gnu-toolchain-win32_x86_64/bin/../lib/gcc/avr/7.3.0/avr25/tiny-stack\libgcc.a(_clear_bss.o)
 .text.libgcc.fixed
                0x0000000000000706        0x0 c:/program files/avr8-gnu-toolchain-win32_x86_64/bin/../lib/gcc/avr/7.3.0/avr25/tiny-stack\libgcc.a(_clear_bss.o)
 .text.avr-libc
                0x0000000000000706        0x6 c:/program files/avr8-gnu-toolchain-win32_x86_64/bin/../lib/gcc/avr/7.3.0/../../../../avr/lib/avr25/tiny-stack\libattiny261a.a(eerd_word.o)
                0x0000000000000706                eeprom_read_word
 .text.avr-libc
                0x000000000000070c       0x1e c:/program files/avr8-gnu-toolchain-win32_x86_64/bin/../lib/gcc/avr/7.3.0/../../../../avr/lib/avr25/tiny-stack\libattiny261a.a(eerd_block.o)
                0x000000000000070c                eeprom_read_block
                0x0000000000000710                eeprom_read_blraw
                0x000000000000072a                . = ALIGN (0x2)
 *(.fini9)
 .fini9         0x000000000000072a        0x0 c:/program files/avr8-gnu-toolchain-win32_x86_64/bin/../lib/gcc/avr/7.3.0/avr25/tiny-stack\libgcc.a(_exit.o)
                0x000000000000072a                _exit
                0x000000000000072a                exit
 *(.fini9)
 *(.fini8)
 *(.fini8)
 *(.fini7)
 *(.fini7)
 *(.fini6)
 *(.fini6)
 *(.fini5)
 *(.fini5)
 *(.fini4)
 *(.fini4)
 *(.fini3)
 *(.fini3)
 *(.fini2)
 *(.fini2)
 *(.fini1)
 *(.fini1)
 *(.fini0)
 .fini0         0x000000000000072a        0x4 c:/program files/avr8-gnu-toolchain-win32_x86_64/bin/../lib/gcc/avr/7.3.0/avr25/tiny-stack\libgcc.a(_exit.o)
 *(.fini0)
                0x000000000000072e                _etext = .

.data           0x0000000000800060        0x0 load address 0x000000000000072e
                [!provide]                        PROVIDE (__data_start, .)
 *(.data)
 .data          0x0000000000800060        0x0 c:/program files/avr8-gnu-toolchain-win32_x86_64/bin/../lib/gcc/avr/7.3.0/../../../../avr/lib/avr25/tiny-stack/crtattiny261a.o
 .data          0x0000000000800060        0x0 src/main.o
 .data          0x0000000000800060        0x0 ../Modules/Manchester/manch_m.o
 .data          0x0000000000800060        0x0 ../Modules/Status/status.o
 .data          0x0000000000800060        0x0 ../Modules/Timing/timer.o
 .data          0x0000000000800060        0x0 ../Modules/ADC/ADC.o
 .data          0x0000000000800060        0x0 c:/program files/avr8-gnu-toolchain-win32_x86_64/bin/../lib/gcc/avr/7.3.0/avr25/tiny-stack\libgcc.a(_mulsi3.o)
 .data          0x0000000000800060        0x0 c:/program files/avr8-gnu-toolchain-win32_x86_64/bin/../lib/gcc/avr/7.3.0/avr25/tiny-stack\libgcc.a(_udivmodsi4.o)
 .data          0x0000000000800060        0x0 c:/program files/avr8-gnu-toolchain-win32_x86_64/bin/../lib/gcc/avr/7.3.0/avr25/tiny-stack\libgcc.a(_exit.o)
 .data          0x0000000000800060        0x0 c:/program files/avr8-gnu-toolchain-win32_x86_64/bin/../lib/gcc/avr/7.3.0/avr25/tiny-stack\libgcc.a(_clear_bss.o)
 .data          0x0000000000800060        0x0 c:/program files/avr8-gnu-toolchain-win32_x86_64/bin/../lib/gcc/avr/7.3.0/../../../../avr/lib/avr25/tiny-stack\libattiny261a.a(eerd_word.o)
 .data          0x0000000000800060        0x0 c:/program files/avr8-gnu-toolchain-win32_x86_64/bin/../lib/gcc/avr/7.3.0/../../../../avr/lib/avr25/tiny-stack\libattiny261a.a(eerd_block.o)
 *(.data*)
 *(.gnu.linkonce.d*)
 *(.rodata)
 *(.rodata*)
 *(.gnu.linkonce.r*)
                0x0000000000800060                . = ALIGN (0x2)
                0x0000000000800060                _edata = .
                [!provide]                        PROVIDE (__data_end, .)

.bss            0x0000000000800060       0x14
                0x0000000000800060                PROVIDE (__bss_start, .)
 *(.bss)
 .bss           0x0000000000800060        0x0 c:/program files/avr8-gnu-toolchain-win32_x86_64/bin/../lib/gcc/avr/7.3.0/../../../../avr/lib/avr25/tiny-stack/crtattiny261a.o
 .bss           0x0000000000800060        0x0 src/main.o
 .bss           0x0000000000800060        0x2 ../Modules/Manchester/manch_m.o
 .bss           0x0000000000800062        0x0 ../Modules/Status/status.o
 .bss           0x0000000000800062        0x0 ../Modules/Timing/timer.o
 .bss           0x0000000000800062        0x6 ../Modules/ADC/ADC.o
 .bss           0x0000000000800068        0x0 c:/program files/avr8-gnu-toolchain-win32_x86_64/bin/../lib/gcc/avr/7.3.0/avr25/tiny-stack\libgcc.a(_mulsi3.o)
 .bss           0x0000000000800068        0x0 c:/program files/avr8-gnu-toolchain-win32_x86_64/bin/../lib/gcc/avr/7.3.0/avr25/tiny-stack\libgcc.a(_udivmodsi4.o)
 .bss           0x0000000000800068        0x0 c:/program files/avr8-gnu-toolchain-win32_x86_64/bin/../lib/gcc/avr/7.3.0/avr25/tiny-stack\libgcc.a(_exit.o)
 .bss           0x0000000000800068        0x0 c:/program files/avr8-gnu-toolchain-win32_x86_64/bin/../lib/gcc/avr/7.3.0/avr25/tiny-stack\libgcc.a(_clear_bss.o)
 .bss           0x0000000000800068        0x0 c:/program files/avr8-gnu-toolchain-win32_x86_64/bin/../lib/gcc/avr/7.3.0/../../../../avr/lib/avr25/tiny-stack\libattiny261a.a(eerd_word.o)
 .bss           0x0000000000800068        0x0 c:/program files/avr8-gnu-toolchain-win32_x86_64/bin/../lib/gcc/avr/7.3.0/../../../../avr/lib/avr25/tiny-stack\libattiny261a.a(eerd_block.o)
 *(.bss*)
 *(COMMON)
 COMMON         0x0000000000800068        0x4 ../Modules/Manchester/manch_m.o
                0x0000000000800068                gl_manch_dat1
                0x000000000080006a                gl_manch_dat
 COMMON         0x000000000080006c        0x8 ../Modules/Timing/timer.o
                0x000000000080006c                timer_timer
                0x0000000000800072                timer_tick
                0x0000000000800074                PROVIDE (__bss_end, .)
                0x000000000000072e                __data_load_start = LOADADDR (.data)
                0x000000000000072e                __data_load_end = (__data_load_start + SIZEOF (.data))

.noinit         0x0000000000800074        0x0
                [!provide]                        PROVIDE (__noinit_start, .)
 *(.noinit*)
                [!provide]                        PROVIDE (__noinit_end, .)
                0x0000000000800074                _end = .
                [!provide]                        PROVIDE (__heap_start, .)

.eeprom         0x0000000000810000        0x0
 *(.eeprom*)
                0x0000000000810000                __eeprom_end = .

.fuse
 *(.fuse)
 *(.lfuse)
 *(.hfuse)
 *(.efuse)

.lock
 *(.lock*)

.signature
 *(.signature*)

.user_signatures
 *(.user_signatures*)

.stab           0x0000000000000000     0x2418
 *(.stab)
 .stab          0x0000000000000000      0xcf0 src/main.o
 .stab          0x0000000000000cf0      0x9a8 ../Modules/Manchester/manch_m.o
                                        0xb70 (size before relaxing)
 .stab          0x0000000000001698      0x444 ../Modules/Status/status.o
                                        0x60c (size before relaxing)
 .stab          0x0000000000001adc      0x3fc ../Modules/Timing/timer.o
                                        0x5dc (size before relaxing)
 .stab          0x0000000000001ed8      0x540 ../Modules/ADC/ADC.o
                                        0x720 (size before relaxing)

.stabstr        0x0000000000000000     0x13bc
 *(.stabstr)
 .stabstr       0x0000000000000000     0x13bc src/main.o

.stab.excl
 *(.stab.excl)

.stab.exclstr
 *(.stab.exclstr)

.stab.index
 *(.stab.index)

.stab.indexstr
 *(.stab.indexstr)

.comment        0x0000000000000000       0x30
 *(.comment)
 .comment       0x0000000000000000       0x30 src/main.o
                                         0x31 (size before relaxing)
 .comment       0x0000000000000030       0x31 ../Modules/Manchester/manch_m.o
 .comment       0x0000000000000030       0x31 ../Modules/Status/status.o
 .comment       0x0000000000000030       0x31 ../Modules/Timing/timer.o
 .comment       0x0000000000000030       0x31 ../Modules/ADC/ADC.o

.note.gnu.avr.deviceinfo
                0x0000000000000000       0x40
 .note.gnu.avr.deviceinfo
                0x0000000000000000       0x40 c:/program files/avr8-gnu-toolchain-win32_x86_64/bin/../lib/gcc/avr/7.3.0/../../../../avr/lib/avr25/tiny-stack/crtattiny261a.o

.note.gnu.build-id
 *(.note.gnu.build-id)

.debug
 *(.debug)

.line
 *(.line)

.debug_srcinfo
 *(.debug_srcinfo)

.debug_sfnames
 *(.debug_sfnames)

.debug_aranges
 *(.debug_aranges)

.debug_pubnames
 *(.debug_pubnames)

.debug_info     0x0000000000000000      0x4b0
 *(.debug_info .gnu.linkonce.wi.*)
 .debug_info    0x0000000000000000      0x4b0 c:/program files/avr8-gnu-toolchain-win32_x86_64/bin/../lib/gcc/avr/7.3.0/../../../../avr/lib/avr25/tiny-stack/crtattiny261a.o

.debug_abbrev   0x0000000000000000      0x470
 *(.debug_abbrev)
 .debug_abbrev  0x0000000000000000      0x470 c:/program files/avr8-gnu-toolchain-win32_x86_64/bin/../lib/gcc/avr/7.3.0/../../../../avr/lib/avr25/tiny-stack/crtattiny261a.o

.debug_line     0x0000000000000000       0x1a
 *(.debug_line .debug_line.* .debug_line_end)
 .debug_line    0x0000000000000000       0x1a c:/program files/avr8-gnu-toolchain-win32_x86_64/bin/../lib/gcc/avr/7.3.0/../../../../avr/lib/avr25/tiny-stack/crtattiny261a.o

.debug_frame
 *(.debug_frame)

.debug_str      0x0000000000000000      0x1a1
 *(.debug_str)
 .debug_str     0x0000000000000000      0x1a1 c:/program files/avr8-gnu-toolchain-win32_x86_64/bin/../lib/gcc/avr/7.3.0/../../../../avr/lib/avr25/tiny-stack/crtattiny261a.o

.debug_loc
 *(.debug_loc)

.debug_macinfo
 *(.debug_macinfo)

.debug_weaknames
 *(.debug_weaknames)

.debug_funcnames
 *(.debug_funcnames)

.debug_typenames
 *(.debug_typenames)

.debug_varnames
 *(.debug_varnames)

.debug_pubtypes
 *(.debug_pubtypes)

.debug_ranges
 *(.debug_ranges)

.debug_macro
 *(.debug_macro)
OUTPUT(BMS_Slave.elf elf32-avr)
LOAD linker stubs
